../Core/Src/main.c:117:9:lora_infINIT	32	static
../Core/Src/main.c:133:13:IMUcallback	32	static
../Core/Src/main.c:152:13:loraCallback	8	static
../Core/Src/main.c:168:6:HAL_TIM_PeriodElapsedCallback	16	static
../Core/Src/main.c:185:5:main	16	static
../Core/Src/main.c:257:6:SystemClock_Config	96	static
../Core/Src/main.c:302:13:MX_ADC1_Init	32	static
../Core/Src/main.c:360:13:MX_I2C3_Init	8	static
../Core/Src/main.c:408:13:MX_LPUART1_UART_Init	8	static
../Core/Src/main.c:442:13:MX_USART1_UART_Init	8	static
../Core/Src/main.c:477:13:MX_SPI1_Init	8	static
../Core/Src/main.c:517:13:MX_TIM1_Init	96	static
../Core/Src/main.c:587:13:MX_TIM6_Init	24	static
../Core/Src/main.c:625:13:MX_TIM7_Init	24	static
../Core/Src/main.c:663:13:MX_GPIO_Init	40	static
../Core/Src/main.c:703:1:__io_putchar	16	static
../Core/Src/main.c:714:6:Error_Handler	4	static,ignoring_inline_asm
