../Core/Src/main.c:119:9:lora_infINIT	32	static
../Core/Src/main.c:135:13:IMUcallback	32	static
../Core/Src/main.c:154:13:loraCallback	8	static
../Core/Src/main.c:174:6:HAL_TIM_PeriodElapsedCallback	16	static
../Core/Src/main.c:191:5:main	16	static
../Core/Src/main.c:263:6:SystemClock_Config	96	static
../Core/Src/main.c:308:13:MX_ADC1_Init	32	static
../Core/Src/main.c:366:13:MX_I2C3_Init	8	static
../Core/Src/main.c:414:13:MX_LPUART1_UART_Init	8	static
../Core/Src/main.c:448:13:MX_USART1_UART_Init	8	static
../Core/Src/main.c:483:13:MX_SPI1_Init	8	static
../Core/Src/main.c:523:13:MX_TIM1_Init	96	static
../Core/Src/main.c:593:13:MX_TIM6_Init	24	static
../Core/Src/main.c:631:13:MX_TIM7_Init	24	static
../Core/Src/main.c:669:13:MX_GPIO_Init	40	static
../Core/Src/main.c:709:1:__io_putchar	16	static
../Core/Src/main.c:720:6:Error_Handler	4	static,ignoring_inline_asm
