../Core/Src/main.c:110:5:main	80	static
../Core/Src/main.c:191:6:SystemClock_Config	96	static
../Core/Src/main.c:241:6:PeriphCommonClock_Config	160	static
../Core/Src/main.c:270:13:MX_ADC1_Init	32	static
../Core/Src/main.c:328:13:MX_COMP1_Init	8	static
../Core/Src/main.c:362:13:MX_COMP2_Init	8	static
../Core/Src/main.c:396:13:MX_SAI1_Init	8	static
../Core/Src/main.c:464:13:MX_SAI2_Init	8	static
../Core/Src/main.c:517:13:MX_SPI2_Init	8	static
../Core/Src/main.c:557:13:MX_TIM1_Init	104	static
../Core/Src/main.c:647:13:MX_TIM2_Init	48	static
../Core/Src/main.c:700:13:MX_TIM3_Init	48	static
../Core/Src/main.c:753:13:MX_TIM4_Init	48	static
../Core/Src/main.c:806:13:MX_TIM15_Init	96	static
../Core/Src/main.c:871:13:MX_GPIO_Init	64	static
../Core/Src/main.c:1008:6:Error_Handler	4	static,ignoring_inline_asm
