../Core/Src/main.c:126:5:main	112	static
../Core/Src/main.c:285:6:SystemClock_Config	96	static
../Core/Src/main.c:335:6:PeriphCommonClock_Config	160	static
../Core/Src/main.c:364:13:MX_ADC1_Init	32	static
../Core/Src/main.c:422:13:MX_COMP1_Init	8	static
../Core/Src/main.c:456:13:MX_COMP2_Init	8	static
../Core/Src/main.c:490:13:MX_SAI1_Init	8	static
../Core/Src/main.c:558:13:MX_SAI2_Init	8	static
../Core/Src/main.c:611:13:MX_SPI2_Init	8	static
../Core/Src/main.c:651:13:MX_TIM1_Init	104	static
../Core/Src/main.c:741:13:MX_TIM2_Init	48	static
../Core/Src/main.c:794:13:MX_TIM3_Init	48	static
../Core/Src/main.c:847:13:MX_TIM4_Init	48	static
../Core/Src/main.c:900:13:MX_TIM15_Init	96	static
../Core/Src/main.c:965:13:MX_GPIO_Init	64	static
../Core/Src/main.c:1102:6:Error_Handler	4	static,ignoring_inline_asm
