../Core/Src/main.c:163:7:RowChecker	5
../Core/Src/main.c:109:5:main	1
../Core/Src/main.c:199:8:KeyPadReturn	8
../Core/Src/main.c:272:6:SystemClock_Config	4
../Core/Src/main.c:329:6:PeriphCommonClock_Config	2
../Core/Src/main.c:358:13:MX_ADC1_Init	3
../Core/Src/main.c:411:13:MX_CAN1_Init	2
../Core/Src/main.c:444:13:MX_COMP1_Init	2
../Core/Src/main.c:474:13:MX_COMP2_Init	2
../Core/Src/main.c:504:13:MX_I2C1_SMBUS_Init	2
../Core/Src/main.c:538:13:MX_I2C2_SMBUS_Init	3
../Core/Src/main.c:578:13:MX_LPUART1_UART_Init	5
../Core/Src/main.c:621:13:MX_USART2_UART_Init	5
../Core/Src/main.c:664:13:MX_USART3_UART_Init	5
../Core/Src/main.c:707:13:MX_SAI1_Init	3
../Core/Src/main.c:771:13:MX_SAI2_Init	2
../Core/Src/main.c:820:13:MX_SPI3_Init	2
../Core/Src/main.c:856:13:MX_TIM1_Init	7
../Core/Src/main.c:931:13:MX_TIM2_Init	5
../Core/Src/main.c:977:13:MX_TIM3_Init	5
../Core/Src/main.c:1023:13:MX_TIM4_Init	4
../Core/Src/main.c:1066:13:MX_TIM15_Init	5
../Core/Src/main.c:1125:13:MX_USB_OTG_FS_USB_Init	1
../Core/Src/main.c:1143:13:MX_GPIO_Init	1
../Core/Src/main.c:1241:1:__io_putchar	1
../Core/Src/main.c:1252:6:Error_Handler	1
