../Core/Src/lcd.c:91:13:setSPI_Size	16	static
../Core/Src/lcd.c:178:13:LCD_WriteCommand	16	static
../Core/Src/lcd.c:198:13:LCD_WriteData	24	static
../Core/Src/lcd.c:243:13:LCD_ReadCmd	16	static
../Core/Src/lcd.c:259:6:LCD_SetRotation	24	static
../Core/Src/lcd.c:305:13:LCD_SetAddressWindow	56	static
../Core/Src/lcd.c:336:6:LCD_DrawPixel	24	static
../Core/Src/lcd.c:366:6:LCD_FillPixels	88	static
../Core/Src/lcd.c:392:7:LCD_FillArea	24	static
../Core/Src/lcd.c:419:8:LCD_Fill	32	static
../Core/Src/lcd.c:445:6:LCD_DrawImage	32	static
../Core/Src/lcd.c:479:8:LCD_DrawLine	40	static
../Core/Src/lcd.c:494:6:LCD_PutChar	40	static
../Core/Src/lcd.c:499:6:LCD_PutStr	24	static
../Core/Src/lcd.c:510:6:LCD_InvertColors	24	static
../Core/Src/lcd.c:521:6:LCD_TearEffect	24	static
../Core/Src/lcd.c:527:6:LCD_setPower	24	static
../Core/Src/lcd.c:533:13:LCD_Update	8	static
../Core/Src/lcd.c:557:6:LCD_init	16	static
