../Core/Src/main.c:109:5:main	232	static
../Core/Src/main.c:223:6:SystemClock_Config	96	static
../Core/Src/main.c:283:6:PeriphCommonClock_Config	160	static
../Core/Src/main.c:314:13:MX_ADC1_Init	32	static
../Core/Src/main.c:372:13:MX_CAN1_Init	8	static
../Core/Src/main.c:409:13:MX_COMP1_Init	8	static
../Core/Src/main.c:443:13:MX_COMP2_Init	8	static
../Core/Src/main.c:477:13:MX_I2C1_Init	8	static
../Core/Src/main.c:525:13:MX_I2C2_Init	8	static
../Core/Src/main.c:573:13:MX_LPUART1_UART_Init	8	static
../Core/Src/main.c:621:13:MX_USART2_UART_Init	8	static
../Core/Src/main.c:669:13:MX_USART3_UART_Init	8	static
../Core/Src/main.c:717:13:MX_SAI1_Init	8	static
../Core/Src/main.c:785:13:MX_SAI2_Init	8	static
../Core/Src/main.c:838:13:MX_SPI3_Init	8	static
../Core/Src/main.c:878:13:MX_TIM1_Init	104	static
../Core/Src/main.c:960:13:MX_TIM2_Init	48	static
../Core/Src/main.c:1013:13:MX_TIM3_Init	48	static
../Core/Src/main.c:1066:13:MX_TIM4_Init	48	static
../Core/Src/main.c:1115:13:MX_TIM15_Init	96	static
../Core/Src/main.c:1180:13:MX_USB_OTG_FS_USB_Init	4	static
../Core/Src/main.c:1201:13:MX_GPIO_Init	64	static
../Core/Src/main.c:1306:1:__io_putchar	16	static
../Core/Src/main.c:1318:6:Error_Handler	4	static,ignoring_inline_asm
