../Core/Src/main.c:203:13:LCD_WriteCommand	16	static
../Core/Src/main.c:218:6:LCD_setPower	24	static
../Core/Src/main.c:224:6:LCD_init	16	static
../Core/Src/main.c:239:13:LCD_SetAddressWindow	56	static
../Core/Src/main.c:263:6:LCD_DrawPixel	24	static
../Core/Src/main.c:284:5:main	96	dynamic
../Core/Src/main.c:529:6:SystemClock_Config	96	static
../Core/Src/main.c:586:6:PeriphCommonClock_Config	160	static
../Core/Src/main.c:615:13:MX_ADC1_Init	32	static
../Core/Src/main.c:668:13:MX_CAN1_Init	8	static
../Core/Src/main.c:701:13:MX_COMP1_Init	8	static
../Core/Src/main.c:731:13:MX_COMP2_Init	8	static
../Core/Src/main.c:761:13:MX_I2C1_SMBUS_Init	8	static
../Core/Src/main.c:795:13:MX_I2C2_SMBUS_Init	8	static
../Core/Src/main.c:835:13:MX_LPUART1_UART_Init	8	static
../Core/Src/main.c:878:13:MX_USART2_UART_Init	8	static
../Core/Src/main.c:921:13:MX_USART3_UART_Init	8	static
../Core/Src/main.c:964:13:MX_SAI1_Init	8	static
../Core/Src/main.c:1028:13:MX_SAI2_Init	8	static
../Core/Src/main.c:1077:13:MX_SPI3_Init	8	static
../Core/Src/main.c:1113:13:MX_TIM1_Init	104	static
../Core/Src/main.c:1188:13:MX_TIM2_Init	48	static
../Core/Src/main.c:1234:13:MX_TIM3_Init	48	static
../Core/Src/main.c:1280:13:MX_TIM4_Init	48	static
../Core/Src/main.c:1323:13:MX_TIM15_Init	96	static
../Core/Src/main.c:1382:13:MX_USB_OTG_FS_USB_Init	4	static
../Core/Src/main.c:1400:13:MX_GPIO_Init	64	static
../Core/Src/main.c:1505:1:__io_putchar	16	static
../Core/Src/main.c:1516:6:Error_Handler	4	static,ignoring_inline_asm
