../Core/Src/gps.c:58:6:GPS_print2	8	static
../Core/Src/gps.c:65:6:GPS_print	144	static
../Core/Src/gps.c:72:6:GPS_Init	8	static
../Core/Src/gps.c:78:6:GPS_UART_CallBack	16	static
../Core/Src/gps.c:108:5:GPS_validate	32	static
../Core/Src/gps.c:146:6:GPS_parse	48	static
../Core/Src/gps.c:169:7:GPS_nmea_to_dec	32	static
../Core/Src/gps.c:180:1:updateGPS	80	static
../Core/Src/gps.c:272:6:UpdateGps_IT	72	static
../Core/Src/gps.c:326:8:get_distance	4	static
../Core/Src/gps.c:330:8:get_velocity	4	static
