../Core/Src/main.c:120:7:writeRegister	40	static
../Core/Src/main.c:138:7:setI2CAddress	16	static
../Core/Src/main.c:153:11:readRegister	48	static
../Core/Src/main.c:168:12:getHorizontal	16	static
../Core/Src/main.c:175:12:getVertical	16	static
../Core/Src/main.c:182:11:getButton	16	static
../Core/Src/main.c:193:11:checkButton	16	static
../Core/Src/main.c:208:5:main	16	static
../Core/Src/main.c:283:6:SystemClock_Config	96	static
../Core/Src/main.c:343:6:PeriphCommonClock_Config	160	static
../Core/Src/main.c:374:13:MX_ADC1_Init	32	static
../Core/Src/main.c:432:13:MX_CAN1_Init	8	static
../Core/Src/main.c:469:13:MX_COMP1_Init	8	static
../Core/Src/main.c:503:13:MX_COMP2_Init	8	static
../Core/Src/main.c:537:13:MX_I2C1_Init	8	static
../Core/Src/main.c:585:13:MX_I2C2_SMBUS_Init	8	static
../Core/Src/main.c:630:13:MX_LPUART1_UART_Init	8	static
../Core/Src/main.c:678:13:MX_USART2_UART_Init	8	static
../Core/Src/main.c:726:13:MX_USART3_UART_Init	8	static
../Core/Src/main.c:774:13:MX_SAI1_Init	8	static
../Core/Src/main.c:842:13:MX_SAI2_Init	8	static
../Core/Src/main.c:895:13:MX_SPI1_Init	8	static
../Core/Src/main.c:935:13:MX_SPI3_Init	8	static
../Core/Src/main.c:975:13:MX_TIM1_Init	104	static
../Core/Src/main.c:1065:13:MX_TIM2_Init	48	static
../Core/Src/main.c:1118:13:MX_TIM3_Init	48	static
../Core/Src/main.c:1171:13:MX_TIM4_Init	48	static
../Core/Src/main.c:1224:13:MX_TIM15_Init	96	static
../Core/Src/main.c:1289:13:MX_USB_OTG_FS_USB_Init	4	static
../Core/Src/main.c:1310:13:MX_GPIO_Init	64	static
../Core/Src/main.c:1371:6:Error_Handler	4	static,ignoring_inline_asm
