16:49:25 **** Incremental Build of configuration Debug for project LoRa ****
make -j12 all 
arm-none-eabi-gcc "../Core/Src/lora_sx1276.c" -mcpu=cortex-m4 -std=gnu11 -g3 -DDEBUG -DUSE_HAL_DRIVER -DSTM32L4R5xx -c -I../Core/Inc -I../Drivers/STM32L4xx_HAL_Driver/Inc -I../Drivers/STM32L4xx_HAL_Driver/Inc/Legacy -I../Drivers/CMSIS/Device/ST/STM32L4xx/Include -I../Drivers/CMSIS/Include -O0 -ffunction-sections -fdata-sections -Wall -fstack-usage -fcyclomatic-complexity -MMD -MP -MF"Core/Src/lora_sx1276.d" -MT"Core/Src/lora_sx1276.o" --specs=nano.specs -mfpu=fpv4-sp-d16 -mfloat-abi=hard -mthumb -o "Core/Src/lora_sx1276.o"
../Core/Src/lora_sx1276.c: In function 'lora_init':
../Core/Src/lora_sx1276.c:692:11: warning: unused variable 'ver' [-Wunused-variable]
  692 |   uint8_t ver = lora_version(lora);
      |           ^~~
arm-none-eabi-gcc -o "LoRa.elf" @"objects.list"   -mcpu=cortex-m4 -T"E:\EECS_373_Project\LoRa\STM32L4R5ZITXP_FLASH.ld" --specs=nosys.specs -Wl,-Map="LoRa.map" -Wl,--gc-sections -static --specs=nano.specs -mfpu=fpv4-sp-d16 -mfloat-abi=hard -mthumb -Wl,--start-group -lc -lm -Wl,--end-group
Finished building target: LoRa.elf
 
arm-none-eabi-size  LoRa.elf 
arm-none-eabi-objdump -h -S LoRa.elf  > "LoRa.list"
   text	   data	    bss	    dec	    hex	filename
  33684	     20	   2692	  36396	   8e2c	LoRa.elf
Finished building: default.size.stdout
 
Finished building: LoRa.list
 

16:49:26 Build Finished. 0 errors, 1 warnings. (took 1s.238ms)

