../Core/Src/lcd.c:91:13:setSPI_Size	16	static
../Core/Src/lcd.c:178:13:LCD_WriteCommand	16	static
../Core/Src/lcd.c:198:13:LCD_WriteData	24	static
../Core/Src/lcd.c:243:13:LCD_ReadCmd	16	static
../Core/Src/lcd.c:259:6:LCD_SetRotation	24	static
../Core/Src/lcd.c:305:13:LCD_SetAddressWindow	56	static
../Core/Src/lcd.c:336:6:LCD_DrawPixel	24	static
../Core/Src/lcd.c:366:6:LCD_FillPixels	88	static
../Core/Src/lcd.c:391:7:LCD_FillArea	24	static
../Core/Src/lcd.c:418:8:LCD_Fill	32	static
../Core/Src/lcd.c:444:6:LCD_DrawImage	32	static
../Core/Src/lcd.c:478:8:LCD_DrawLine	40	static
../Core/Src/lcd.c:493:6:LCD_PutChar	40	static
../Core/Src/lcd.c:498:6:LCD_PutStr	24	static
../Core/Src/lcd.c:509:6:LCD_InvertColors	24	static
../Core/Src/lcd.c:520:6:LCD_TearEffect	24	static
../Core/Src/lcd.c:526:6:LCD_setPower	24	static
../Core/Src/lcd.c:532:13:LCD_Update	8	static
../Core/Src/lcd.c:556:6:LCD_init	16	static
