../Core/Src/main.c:109:5:main	1
../Core/Src/main.c:181:6:SystemClock_Config	4
../Core/Src/main.c:241:6:PeriphCommonClock_Config	2
../Core/Src/main.c:272:13:MX_ADC1_Init	3
../Core/Src/main.c:330:13:MX_CAN1_Init	2
../Core/Src/main.c:367:13:MX_COMP1_Init	2
../Core/Src/main.c:401:13:MX_COMP2_Init	2
../Core/Src/main.c:435:13:MX_I2C1_SMBUS_Init	2
../Core/Src/main.c:473:13:MX_I2C2_SMBUS_Init	3
../Core/Src/main.c:518:13:MX_LPUART1_UART_Init	5
../Core/Src/main.c:566:13:MX_USART2_UART_Init	5
../Core/Src/main.c:614:13:MX_USART3_UART_Init	5
../Core/Src/main.c:662:13:MX_SAI1_Init	3
../Core/Src/main.c:730:13:MX_SAI2_Init	2
../Core/Src/main.c:783:13:MX_SPI3_Init	2
../Core/Src/main.c:823:13:MX_TIM1_Init	7
../Core/Src/main.c:905:13:MX_TIM2_Init	5
../Core/Src/main.c:958:13:MX_TIM3_Init	5
../Core/Src/main.c:1011:13:MX_TIM4_Init	4
../Core/Src/main.c:1060:13:MX_TIM15_Init	5
../Core/Src/main.c:1125:13:MX_USB_OTG_FS_USB_Init	1
../Core/Src/main.c:1146:13:MX_GPIO_Init	1
../Core/Src/main.c:1253:6:Error_Handler	1
