../Core/Src/main.c:109:5:main	96	static
../Core/Src/main.c:215:6:SystemClock_Config	96	static
../Core/Src/main.c:275:6:PeriphCommonClock_Config	160	static
../Core/Src/main.c:306:13:MX_ADC1_Init	32	static
../Core/Src/main.c:364:13:MX_CAN1_Init	8	static
../Core/Src/main.c:401:13:MX_COMP1_Init	8	static
../Core/Src/main.c:435:13:MX_COMP2_Init	8	static
../Core/Src/main.c:469:13:MX_I2C1_Init	8	static
../Core/Src/main.c:517:13:MX_I2C2_SMBUS_Init	8	static
../Core/Src/main.c:562:13:MX_LPUART1_UART_Init	8	static
../Core/Src/main.c:610:13:MX_USART2_UART_Init	8	static
../Core/Src/main.c:658:13:MX_USART3_UART_Init	8	static
../Core/Src/main.c:706:13:MX_SAI1_Init	8	static
../Core/Src/main.c:774:13:MX_SAI2_Init	8	static
../Core/Src/main.c:827:13:MX_SPI3_Init	8	static
../Core/Src/main.c:867:13:MX_TIM1_Init	104	static
../Core/Src/main.c:949:13:MX_TIM2_Init	48	static
../Core/Src/main.c:1002:13:MX_TIM3_Init	48	static
../Core/Src/main.c:1055:13:MX_TIM4_Init	48	static
../Core/Src/main.c:1104:13:MX_TIM15_Init	96	static
../Core/Src/main.c:1169:13:MX_USB_OTG_FS_USB_Init	4	static
../Core/Src/main.c:1190:13:MX_GPIO_Init	64	static
../Core/Src/main.c:1295:1:__io_putchar	16	static
../Core/Src/main.c:1307:6:Error_Handler	4	static,ignoring_inline_asm
